
> @figma/my-make-file@0.0.1 build
> vite build

vite v6.3.5 building for production...
transforming...
✓ 2 modules transformed.
✗ Build failed in 32ms
error during build:
[vite]: Rollup failed to resolve import "react/jsx-runtime" from "/Applications/work/Websiteantoanso/src/main.tsx".
This is most likely unintended because it can break your application at runtime.
If you do want to externalize this module explicitly add it to
`build.rollupOptions.external`
    at viteLog (file:///Applications/work/Websiteantoanso/node_modules/vite/dist/node/chunks/dep-DBxKXgDP.js:46345:15)
    at file:///Applications/work/Websiteantoanso/node_modules/vite/dist/node/chunks/dep-DBxKXgDP.js:46403:18
    at onwarn (file:///Applications/work/Websiteantoanso/node_modules/@vitejs/plugin-react/dist/index.js:90:7)
    at file:///Applications/work/Websiteantoanso/node_modules/vite/dist/node/chunks/dep-DBxKXgDP.js:46401:7
    at onRollupLog (file:///Applications/work/Websiteantoanso/node_modules/vite/dist/node/chunks/dep-DBxKXgDP.js:46393:5)
    at onLog (file:///Applications/work/Websiteantoanso/node_modules/vite/dist/node/chunks/dep-DBxKXgDP.js:46043:7)
    at file:///Applications/work/Websiteantoanso/node_modules/rollup/dist/es/shared/node-entry.js:21383:32
    at Object.logger [as onLog] (file:///Applications/work/Websiteantoanso/node_modules/rollup/dist/es/shared/node-entry.js:23378:9)
    at ModuleLoader.handleInvalidResolvedId (file:///Applications/work/Websiteantoanso/node_modules/rollup/dist/es/shared/node-entry.js:22122:26)
    at file:///Applications/work/Websiteantoanso/node_modules/rollup/dist/es/shared/node-entry.js:22080:26
